  Versatile-Loopy-AI.cpp
C:\Program Files\Microsoft Visual Studio\2022\Community\VC\Tools\MSVC\14.44.35207\include\compare(12): warning STL4038: The contents of <compare> are available only with C++20 or later.
C:\Users\ajklb\source\repos\Versatile-Loopy-AI\data_structures_containers.hpp(15,17): error C2098: unexpected token after data member '<='
  (compiling source file 'Versatile-Loopy-AI.cpp')
  
C:\Users\ajklb\source\repos\Versatile-Loopy-AI\data_structures_containers.hpp(15,17): error C2059: syntax error: '>'
  (compiling source file 'Versatile-Loopy-AI.cpp')
  
C:\Users\ajklb\source\repos\Versatile-Loopy-AI\data_structures_containers.hpp(20,17): error C2098: unexpected token after data member '<='
  (compiling source file 'Versatile-Loopy-AI.cpp')
  
C:\Users\ajklb\source\repos\Versatile-Loopy-AI\data_structures_containers.hpp(20,17): error C2059: syntax error: '>'
  (compiling source file 'Versatile-Loopy-AI.cpp')
  
C:\Users\ajklb\source\repos\Versatile-Loopy-AI\data_structures_containers.hpp(30,17): error C2098: unexpected token after data member '<='
  (compiling source file 'Versatile-Loopy-AI.cpp')
  
C:\Users\ajklb\source\repos\Versatile-Loopy-AI\data_structures_containers.hpp(30,17): error C2059: syntax error: '>'
  (compiling source file 'Versatile-Loopy-AI.cpp')
  
C:\Users\ajklb\source\repos\Versatile-Loopy-AI\data_structures_containers.hpp(116,15): error C7555: use of designated initializers requires at least '/std:c++20'
  (compiling source file 'Versatile-Loopy-AI.cpp')
  
C:\Users\ajklb\source\repos\Versatile-Loopy-AI\running.ipp(43,38): error C7555: use of designated initializers requires at least '/std:c++20'
  (compiling source file 'Versatile-Loopy-AI.cpp')
  
C:\Users\ajklb\source\repos\Versatile-Loopy-AI\running.ipp(84,20): error C2653: 'ranges': is not a class or namespace name
  (compiling source file 'Versatile-Loopy-AI.cpp')
  
C:\Users\ajklb\source\repos\Versatile-Loopy-AI\running.ipp(84,28): error C2672: 'max': no matching overloaded function found
  (compiling source file 'Versatile-Loopy-AI.cpp')
      C:\Program Files\Microsoft Visual Studio\2022\Community\VC\Tools\MSVC\14.44.35207\include\utility(85,26):
      could be '_Ty std::max(std::initializer_list<_Elem>)'
          C:\Users\ajklb\source\repos\Versatile-Loopy-AI\running.ipp(84,28):
          '_Ty std::max(std::initializer_list<_Elem>)': could not deduce template argument for 'std::initializer_list<_Elem>' from 'std::vector<float,std::allocator<float>>'
      C:\Program Files\Microsoft Visual Studio\2022\Community\VC\Tools\MSVC\14.44.35207\include\utility(82,26):
      or       '_Ty std::max(std::initializer_list<_Elem>,_Pr)'
          C:\Users\ajklb\source\repos\Versatile-Loopy-AI\running.ipp(84,28):
          '_Ty std::max(std::initializer_list<_Elem>,_Pr)': expects 2 arguments - 1 provided
      C:\Program Files\Microsoft Visual Studio\2022\Community\VC\Tools\MSVC\14.44.35207\include\utility(74,6):
      or       'const _Ty &std::max(const _Ty &,const _Ty &) noexcept(<expr>)'
          C:\Users\ajklb\source\repos\Versatile-Loopy-AI\running.ipp(84,28):
          'const _Ty &std::max(const _Ty &,const _Ty &) noexcept(<expr>)': expects 2 arguments - 1 provided
      C:\Program Files\Microsoft Visual Studio\2022\Community\VC\Tools\MSVC\14.44.35207\include\utility(64,33):
      or       'const _Ty &std::max(const _Ty &,const _Ty &,_Pr) noexcept(<expr>)'
          C:\Users\ajklb\source\repos\Versatile-Loopy-AI\running.ipp(84,28):
          'const _Ty &std::max(const _Ty &,const _Ty &,_Pr) noexcept(<expr>)': expects 3 arguments - 1 provided
  
C:\Users\ajklb\source\repos\Versatile-Loopy-AI\running.ipp(99,12): error C2678: binary '==': no operator found which takes a left-hand operand of type '_Ty1' (or there is no acceptable conversion)
C:\Users\ajklb\source\repos\Versatile-Loopy-AI\running.ipp(99,12): error C2678:         with
C:\Users\ajklb\source\repos\Versatile-Loopy-AI\running.ipp(99,12): error C2678:         [
C:\Users\ajklb\source\repos\Versatile-Loopy-AI\running.ipp(99,12): error C2678:             _Ty1=const node_id
C:\Users\ajklb\source\repos\Versatile-Loopy-AI\running.ipp(99,12): error C2678:         ]
  (compiling source file 'Versatile-Loopy-AI.cpp')
      C:\Program Files\Microsoft Visual Studio\2022\Community\VC\Tools\MSVC\14.44.35207\include\thread(267,36):
      could be 'bool std::operator ==(std::thread::id,std::thread::id) noexcept'
          C:\Users\ajklb\source\repos\Versatile-Loopy-AI\running.ipp(99,12):
          'bool std::operator ==(std::thread::id,std::thread::id) noexcept': cannot convert argument 1 from '_Ty1' to 'std::thread::id'
          with
          [
              _Ty1=const node_id
          ]
              C:\Users\ajklb\source\repos\Versatile-Loopy-AI\running.ipp(99,12):
              No user-defined-conversion operator available that can perform this conversion, or the operator cannot be called
      C:\Program Files\Microsoft Visual Studio\2022\Community\VC\Tools\MSVC\14.44.35207\include\array(777,30):
      or       'bool std::operator ==(const std::array<_Ty,_Size> &,const std::array<_Ty,_Size> &)'
          C:\Users\ajklb\source\repos\Versatile-Loopy-AI\running.ipp(99,12):
          'bool std::operator ==(const std::array<_Ty,_Size> &,const std::array<_Ty,_Size> &)': could not deduce template argument for 'const std::array<_Ty,_Size> &' from '_Ty1'
          with
          [
              _Ty1=const node_id
          ]
      C:\Program Files\Microsoft Visual Studio\2022\Community\VC\Tools\MSVC\14.44.35207\include\functional(1290,17):
      or       'bool std::operator ==(std::nullptr_t,const std::function<_Fty> &) noexcept'
          C:\Users\ajklb\source\repos\Versatile-Loopy-AI\running.ipp(99,12):
          'bool std::operator ==(std::nullptr_t,const std::function<_Fty> &) noexcept': could not deduce template argument for 'const std::function<_Fty> &' from '_Ty2'
          with
          [
              _Ty2=node_id
          ]
      C:\Program Files\Microsoft Visual Studio\2022\Community\VC\Tools\MSVC\14.44.35207\include\functional(1284,17):
      or       'bool std::operator ==(const std::function<_Fty> &,std::nullptr_t) noexcept'
          C:\Users\ajklb\source\repos\Versatile-Loopy-AI\running.ipp(99,12):
          'bool std::operator ==(const std::function<_Fty> &,std::nullptr_t) noexcept': could not deduce template argument for 'const std::function<_Fty> &' from '_Ty1'
          with
          [
              _Ty1=const node_id
          ]
      C:\Program Files\Microsoft Visual Studio\2022\Community\VC\Tools\MSVC\14.44.35207\include\memory(3718,17):
      or       'bool std::operator ==(std::nullptr_t,const std::unique_ptr<_Ty,_Dx> &) noexcept'
          C:\Users\ajklb\source\repos\Versatile-Loopy-AI\running.ipp(99,12):
          'bool std::operator ==(std::nullptr_t,const std::unique_ptr<_Ty,_Dx> &) noexcept': could not deduce template argument for 'const std::unique_ptr<_Ty,_Dx> &' from '_Ty2'
          with
          [
              _Ty2=node_id
          ]
      C:\Program Files\Microsoft Visual Studio\2022\Community\VC\Tools\MSVC\14.44.35207\include\memory(3712,30):
      or       'bool std::operator ==(const std::unique_ptr<_Ty,_Dx> &,std::nullptr_t) noexcept'
          C:\Users\ajklb\source\repos\Versatile-Loopy-AI\running.ipp(99,12):
          'bool std::operator ==(const std::unique_ptr<_Ty,_Dx> &,std::nullptr_t) noexcept': could not deduce template argument for 'const std::unique_ptr<_Ty,_Dx> &' from '_Ty1'
          with
          [
              _Ty1=const node_id
          ]
      C:\Program Files\Microsoft Visual Studio\2022\Community\VC\Tools\MSVC\14.44.35207\include\memory(3666,30):
      or       'bool std::operator ==(const std::unique_ptr<_Ty,_Dx> &,const std::unique_ptr<_Ty2,_Dx2> &)'
          C:\Users\ajklb\source\repos\Versatile-Loopy-AI\running.ipp(99,12):
          'bool std::operator ==(const std::unique_ptr<_Ty,_Dx> &,const std::unique_ptr<_Ty2,_Dx2> &)': could not deduce template argument for 'const std::unique_ptr<_Ty,_Dx> &' from '_Ty1'
          with
          [
              _Ty1=const node_id
          ]
      C:\Program Files\Microsoft Visual Studio\2022\Community\VC\Tools\MSVC\14.44.35207\include\memory(1928,17):
      or       'bool std::operator ==(std::nullptr_t,const std::shared_ptr<_Ty> &) noexcept'
          C:\Users\ajklb\source\repos\Versatile-Loopy-AI\running.ipp(99,12):
          'bool std::operator ==(std::nullptr_t,const std::shared_ptr<_Ty> &) noexcept': could not deduce template argument for 'const std::shared_ptr<_Ty> &' from '_Ty2'
          with
          [
              _Ty2=node_id
          ]
      C:\Program Files\Microsoft Visual Studio\2022\Community\VC\Tools\MSVC\14.44.35207\include\memory(1917,17):
      or       'bool std::operator ==(const std::shared_ptr<_Ty> &,std::nullptr_t) noexcept'
          C:\Users\ajklb\source\repos\Versatile-Loopy-AI\running.ipp(99,12):
          'bool std::operator ==(const std::shared_ptr<_Ty> &,std::nullptr_t) noexcept': could not deduce template argument for 'const std::shared_ptr<_Ty> &' from '_Ty1'
          with
          [
              _Ty1=const node_id
          ]
      C:\Program Files\Microsoft Visual Studio\2022\Community\VC\Tools\MSVC\14.44.35207\include\memory(1880,17):
      or       'bool std::operator ==(const std::shared_ptr<_Ty> &,const std::shared_ptr<_Ty0> &) noexcept'
          C:\Users\ajklb\source\repos\Versatile-Loopy-AI\running.ipp(99,12):
          'bool std::operator ==(const std::shared_ptr<_Ty> &,const std::shared_ptr<_Ty0> &) noexcept': could not deduce template argument for 'const std::shared_ptr<_Ty> &' from '_Ty1'
          with
          [
              _Ty1=const node_id
          ]
      C:\Program Files\Microsoft Visual Studio\2022\Community\VC\Tools\MSVC\14.44.35207\include\iterator(486,17):
      or       'bool std::operator ==(const std::istreambuf_iterator<_Elem,_Traits> &,const std::istreambuf_iterator<_Elem,_Traits> &)'
          C:\Users\ajklb\source\repos\Versatile-Loopy-AI\running.ipp(99,12):
          'bool std::operator ==(const std::istreambuf_iterator<_Elem,_Traits> &,const std::istreambuf_iterator<_Elem,_Traits> &)': could not deduce template argument for 'const std::istreambuf_iterator<_Elem,_Traits> &' from '_Ty1'
          with
          [
              _Ty1=const node_id
          ]
      C:\Program Files\Microsoft Visual Studio\2022\Community\VC\Tools\MSVC\14.44.35207\include\iterator(304,17):
      or       'bool std::operator ==(const std::istream_iterator<_Ty,_Elem,_Traits,_Diff> &,const std::istream_iterator<_Ty,_Elem,_Traits,_Diff> &) noexcept'
          C:\Users\ajklb\source\repos\Versatile-Loopy-AI\running.ipp(99,12):
          'bool std::operator ==(const std::istream_iterator<_Ty,_Elem,_Traits,_Diff> &,const std::istream_iterator<_Ty,_Elem,_Traits,_Diff> &) noexcept': could not deduce template argument for 'const std::istream_iterator<_Ty,_Elem,_Traits,_Diff> &' from '_Ty1'
          with
          [
              _Ty1=const node_id
          ]
      C:\Program Files\Microsoft Visual Studio\2022\Community\VC\Tools\MSVC\14.44.35207\include\map(631,17):
      or       'bool std::operator ==(const std::multimap<_Kty,_Ty,_Pr,_Alloc> &,const std::multimap<_Kty,_Ty,_Pr,_Alloc> &)'
          C:\Users\ajklb\source\repos\Versatile-Loopy-AI\running.ipp(99,12):
          'bool std::operator ==(const std::multimap<_Kty,_Ty,_Pr,_Alloc> &,const std::multimap<_Kty,_Ty,_Pr,_Alloc> &)': could not deduce template argument for 'const std::multimap<_Kty,_Ty,_Pr,_Alloc> &' from '_Ty1'
          with
          [
              _Ty1=const node_id
          ]
      C:\Program Files\Microsoft Visual Studio\2022\Community\VC\Tools\MSVC\14.44.35207\include\map(400,17):
      or       'bool std::operator ==(const std::map<_Kty,_Ty,_Pr,_Alloc> &,const std::map<_Kty,_Ty,_Pr,_Alloc> &)'
          C:\Users\ajklb\source\repos\Versatile-Loopy-AI\running.ipp(99,12):
          'bool std::operator ==(const std::map<_Kty,_Ty,_Pr,_Alloc> &,const std::map<_Kty,_Ty,_Pr,_Alloc> &)': could not deduce template argument for 'const std::map<_Kty,_Ty,_Pr,_Alloc> &' from '_Ty1'
          with
          [
              _Ty1=const node_id
          ]
      C:\Program Files\Microsoft Visual Studio\2022\Community\VC\Tools\MSVC\14.44.35207\include\unordered_map(908,17):
      or       'bool std::operator ==(const std::unordered_multimap<_Kty,_Ty,_Hasher,_Keyeq,_Alloc> &,const std::unordered_multimap<_Kty,_Ty,_Hasher,_Keyeq,_Alloc> &)'
          C:\Users\ajklb\source\repos\Versatile-Loopy-AI\running.ipp(99,12):
          'bool std::operator ==(const std::unordered_multimap<_Kty,_Ty,_Hasher,_Keyeq,_Alloc> &,const std::unordered_multimap<_Kty,_Ty,_Hasher,_Keyeq,_Alloc> &)': could not deduce template argument for 'const std::unordered_multimap<_Kty,_Ty,_Hasher,_Keyeq,_Alloc> &' from '_Ty1'
          with
          [
              _Ty1=const node_id
          ]
      C:\Program Files\Microsoft Visual Studio\2022\Community\VC\Tools\MSVC\14.44.35207\include\unordered_map(536,17):
      or       'bool std::operator ==(const std::unordered_map<_Kty,_Ty,_Hasher,_Keyeq,_Alloc> &,const std::unordered_map<_Kty,_Ty,_Hasher,_Keyeq,_Alloc> &)'
          C:\Users\ajklb\source\repos\Versatile-Loopy-AI\running.ipp(99,12):
          'bool std::operator ==(const std::unordered_map<_Kty,_Ty,_Hasher,_Keyeq,_Alloc> &,const std::unordered_map<_Kty,_Ty,_Hasher,_Keyeq,_Alloc> &)': could not deduce template argument for 'const std::unordered_map<_Kty,_Ty,_Hasher,_Keyeq,_Alloc> &' from '_Ty1'
          with
          [
              _Ty1=const node_id
          ]
      C:\Program Files\Microsoft Visual Studio\2022\Community\VC\Tools\MSVC\14.44.35207\include\tuple(844,27):
      or       'bool std::operator ==(const std::tuple<_Types...> &,const std::tuple<_Types...> &)'
          C:\Users\ajklb\source\repos\Versatile-Loopy-AI\running.ipp(99,12):
          'bool std::operator ==(const std::tuple<_Types...> &,const std::tuple<_Types...> &)': could not deduce template argument for 'const std::tuple<_Types...> &' from '_Ty1'
          with
          [
              _Ty1=const node_id
          ]
      C:\Program Files\Microsoft Visual Studio\2022\Community\VC\Tools\MSVC\14.44.35207\include\list(1890,17):
      or       'bool std::operator ==(const std::list<_Ty,_Alloc> &,const std::list<_Ty,_Alloc> &)'
          C:\Users\ajklb\source\repos\Versatile-Loopy-AI\running.ipp(99,12):
          'bool std::operator ==(const std::list<_Ty,_Alloc> &,const std::list<_Ty,_Alloc> &)': could not deduce template argument for 'const std::list<_Ty,_Alloc> &' from '_Ty1'
          with
          [
              _Ty1=const node_id
          ]
      C:\Program Files\Microsoft Visual Studio\2022\Community\VC\Tools\MSVC\14.44.35207\include\vector(2266,30):
      or       'bool std::operator ==(const std::vector<_Ty,_Alloc> &,const std::vector<_Ty,_Alloc> &)'
          C:\Users\ajklb\source\repos\Versatile-Loopy-AI\running.ipp(99,12):
          'bool std::operator ==(const std::vector<_Ty,_Alloc> &,const std::vector<_Ty,_Alloc> &)': could not deduce template argument for 'const std::vector<_Ty,_Alloc> &' from '_Ty1'
          with
          [
              _Ty1=const node_id
          ]
      C:\Program Files\Microsoft Visual Studio\2022\Community\VC\Tools\MSVC\14.44.35207\include\xstring(3282,17):
      or       'bool std::operator ==(const _Elem *const ,const std::basic_string<_Elem,_Traits,_Alloc> &) noexcept'
          C:\Users\ajklb\source\repos\Versatile-Loopy-AI\running.ipp(99,12):
          'bool std::operator ==(const _Elem *const ,const std::basic_string<_Elem,_Traits,_Alloc> &) noexcept': could not deduce template argument for 'const _Elem *const ' from '_Ty1'
          with
          [
              _Ty1=const node_id
          ]
      C:\Program Files\Microsoft Visual Studio\2022\Community\VC\Tools\MSVC\14.44.35207\include\xstring(3263,30):
      or       'bool std::operator ==(const std::basic_string<_Elem,_Traits,_Alloc> &,const _Elem *const ) noexcept'
          C:\Users\ajklb\source\repos\Versatile-Loopy-AI\running.ipp(99,12):
          'bool std::operator ==(const std::basic_string<_Elem,_Traits,_Alloc> &,const _Elem *const ) noexcept': could not deduce template argument for 'const std::basic_string<_Elem,_Traits,_Alloc> &' from '_Ty1'
          with
          [
              _Ty1=const node_id
          ]
      C:\Program Files\Microsoft Visual Studio\2022\Community\VC\Tools\MSVC\14.44.35207\include\xstring(3257,30):
      or       'bool std::operator ==(const std::basic_string<_Elem,_Traits,_Alloc> &,const std::basic_string<_Elem,_Traits,_Alloc> &) noexcept'
          C:\Users\ajklb\source\repos\Versatile-Loopy-AI\running.ipp(99,12):
          'bool std::operator ==(const std::basic_string<_Elem,_Traits,_Alloc> &,const std::basic_string<_Elem,_Traits,_Alloc> &) noexcept': could not deduce template argument for 'const std::basic_string<_Elem,_Traits,_Alloc> &' from '_Ty1'
          with
          [
              _Ty1=const node_id
          ]
      C:\Program Files\Microsoft Visual Studio\2022\Community\VC\Tools\MSVC\14.44.35207\include\xmemory(1050,30):
      or       'bool std::operator ==(const std::allocator<_Ty> &,const std::allocator<_Other> &) noexcept'
          C:\Users\ajklb\source\repos\Versatile-Loopy-AI\running.ipp(99,12):
          'bool std::operator ==(const std::allocator<_Ty> &,const std::allocator<_Other> &) noexcept': could not deduce template argument for 'const std::allocator<_Ty> &' from '_Ty1'
          with
          [
              _Ty1=const node_id
          ]
      C:\Program Files\Microsoft Visual Studio\2022\Community\VC\Tools\MSVC\14.44.35207\include\xutility(4458,30):
      or       'bool std::operator ==(const std::move_iterator<_Iter> &,const std::move_iterator<_Iter2> &) noexcept(<expr>)'
          C:\Users\ajklb\source\repos\Versatile-Loopy-AI\running.ipp(99,12):
          'bool std::operator ==(const std::move_iterator<_Iter> &,const std::move_iterator<_Iter2> &) noexcept(<expr>)': could not deduce template argument for 'const std::move_iterator<_Iter> &' from '_Ty1'
          with
          [
              _Ty1=const node_id
          ]
      C:\Program Files\Microsoft Visual Studio\2022\Community\VC\Tools\MSVC\14.44.35207\include\xutility(1896,30):
      or       'bool std::operator ==(const std::reverse_iterator<_BidIt> &,const std::reverse_iterator<_BidIt2> &) noexcept(<expr>)'
          C:\Users\ajklb\source\repos\Versatile-Loopy-AI\running.ipp(99,12):
          'bool std::operator ==(const std::reverse_iterator<_BidIt> &,const std::reverse_iterator<_BidIt2> &) noexcept(<expr>)': could not deduce template argument for 'const std::reverse_iterator<_BidIt> &' from '_Ty1'
          with
          [
              _Ty1=const node_id
          ]
      C:\Program Files\Microsoft Visual Studio\2022\Community\VC\Tools\MSVC\14.44.35207\include\utility(503,27):
      or       'bool std::operator ==(const std::pair<_Ty1,_Ty2> &,const std::pair<_Uty1,_Uty2> &)'
          C:\Users\ajklb\source\repos\Versatile-Loopy-AI\running.ipp(99,12):
          'bool std::operator ==(const std::pair<_Ty1,_Ty2> &,const std::pair<_Uty1,_Uty2> &)': could not deduce template argument for 'const std::pair<_Ty1,_Ty2> &' from '_Ty1'
          with
          [
              _Ty1=const node_id
          ]
      C:\Users\ajklb\source\repos\Versatile-Loopy-AI\running.ipp(99,12):
      while trying to match the argument list '(_Ty1, _Ty2)'
          with
          [
              _Ty1=const node_id
          ]
          and
          [
              _Ty2=node_id
          ]
  
C:\Users\ajklb\source\repos\Versatile-Loopy-AI\training.ipp(36,52): error C2039: 'contains': is not a member of 'std::multimap<node_id,node_id,std::less<node_id>,std::allocator<std::pair<const node_id,node_id>>>'
  (compiling source file 'Versatile-Loopy-AI.cpp')
      C:\Program Files\Microsoft Visual Studio\2022\Community\VC\Tools\MSVC\14.44.35207\include\map(454,7):
      see declaration of 'std::multimap<node_id,node_id,std::less<node_id>,std::allocator<std::pair<const node_id,node_id>>>'
  
C:\Users\ajklb\source\repos\Versatile-Loopy-AI\training.ipp(46,31): error C7555: use of designated initializers requires at least '/std:c++20'
  (compiling source file 'Versatile-Loopy-AI.cpp')
  
C:\Users\ajklb\source\repos\Versatile-Loopy-AI\training.ipp(47,28): error C2039: 'contains': is not a member of 'std::map<matrix_id,float,std::less<matrix_id>,std::allocator<std::pair<const matrix_id,float>>>'
  (compiling source file 'Versatile-Loopy-AI.cpp')
      C:\Program Files\Microsoft Visual Studio\2022\Community\VC\Tools\MSVC\14.44.35207\include\map(72,7):
      see declaration of 'std::map<matrix_id,float,std::less<matrix_id>,std::allocator<std::pair<const matrix_id,float>>>'
  
C:\Users\ajklb\source\repos\Versatile-Loopy-AI\training.ipp(93,7): error C2653: 'ranges': is not a class or namespace name
  (compiling source file 'Versatile-Loopy-AI.cpp')
  
C:\Users\ajklb\source\repos\Versatile-Loopy-AI\training.ipp(93,15): error C2672: 'max': no matching overloaded function found
  (compiling source file 'Versatile-Loopy-AI.cpp')
      C:\Program Files\Microsoft Visual Studio\2022\Community\VC\Tools\MSVC\14.44.35207\include\utility(85,26):
      could be '_Ty std::max(std::initializer_list<_Elem>)'
          C:\Users\ajklb\source\repos\Versatile-Loopy-AI\training.ipp(93,15):
          '_Ty std::max(std::initializer_list<_Elem>)': could not deduce template argument for 'std::initializer_list<_Elem>' from 'std::vector<float,std::allocator<float>>'
      C:\Program Files\Microsoft Visual Studio\2022\Community\VC\Tools\MSVC\14.44.35207\include\utility(82,26):
      or       '_Ty std::max(std::initializer_list<_Elem>,_Pr)'
          C:\Users\ajklb\source\repos\Versatile-Loopy-AI\training.ipp(93,15):
          '_Ty std::max(std::initializer_list<_Elem>,_Pr)': expects 2 arguments - 1 provided
      C:\Program Files\Microsoft Visual Studio\2022\Community\VC\Tools\MSVC\14.44.35207\include\utility(74,6):
      or       'const _Ty &std::max(const _Ty &,const _Ty &) noexcept(<expr>)'
          C:\Users\ajklb\source\repos\Versatile-Loopy-AI\training.ipp(93,15):
          'const _Ty &std::max(const _Ty &,const _Ty &) noexcept(<expr>)': expects 2 arguments - 1 provided
      C:\Program Files\Microsoft Visual Studio\2022\Community\VC\Tools\MSVC\14.44.35207\include\utility(64,33):
      or       'const _Ty &std::max(const _Ty &,const _Ty &,_Pr) noexcept(<expr>)'
          C:\Users\ajklb\source\repos\Versatile-Loopy-AI\training.ipp(93,15):
          'const _Ty &std::max(const _Ty &,const _Ty &,_Pr) noexcept(<expr>)': expects 3 arguments - 1 provided
  
C:\Users\ajklb\source\repos\Versatile-Loopy-AI\Versatile-Loopy-AI.cpp(19,26): error C7555: use of designated initializers requires at least '/std:c++20'
C:\Users\ajklb\source\repos\Versatile-Loopy-AI\Versatile-Loopy-AI.cpp(89,30): error C7555: use of designated initializers requires at least '/std:c++20'
